Copyright 1986-2019 Xilinx, Inc. All Rights Reserved.
---------------------------------------------------------------------------------------------------
| Tool Version : Vivado v.2019.1 (win64) Build 2552052 Fri May 24 14:49:42 MDT 2019
| Date         : Fri Nov 13 15:29:07 2020
| Host         : LAPTOP-GBOUD091 running 64-bit major release  (build 9200)
| Command      : report_drc -file top_drc_routed.rpt -pb top_drc_routed.pb -rpx top_drc_routed.rpx
| Design       : top
| Device       : xc7s100fgga676-2
| Speed File   : -2
| Design State : Fully Routed
---------------------------------------------------------------------------------------------------

Report DRC

Table of Contents
-----------------
1. REPORT SUMMARY
2. REPORT DETAILS

1. REPORT SUMMARY
-----------------
            Netlist: netlist
          Floorplan: design_1
      Design limits: <entire design considered>
           Ruledeck: default
             Max violations: <unlimited>
             Violations found: 1
+-----------+----------+-------------------+------------+
| Rule      | Severity | Description       | Violations |
+-----------+----------+-------------------+------------+
| RTSTAT-10 | Warning  | No routable loads | 1          |
+-----------+----------+-------------------+------------+

2. REPORT DETAILS
-----------------
RTSTAT-10#1 Warning
No routable loads  
126 net(s) have no routable loads. The problem bus(es) and/or net(s) are waveform_acq_gen[17].WFM_ACQ/i_xdom_wvb_config_bundle[37], waveform_acq_gen[15].WFM_ACQ/i_xdom_wvb_config_bundle[37], waveform_acq_gen[23].WFM_ACQ/i_xdom_wvb_config_bundle[37], waveform_acq_gen[0].WFM_ACQ/i_xdom_wvb_config_bundle[37], waveform_acq_gen[2].WFM_ACQ/i_xdom_wvb_config_bundle[37], waveform_acq_gen[21].WFM_ACQ/i_xdom_wvb_config_bundle[37], waveform_acq_gen[9].WFM_ACQ/i_xdom_wvb_config_bundle[37], waveform_acq_gen[16].WFM_ACQ/i_xdom_wvb_config_bundle[37], waveform_acq_gen[19].WFM_ACQ/i_xdom_wvb_config_bundle[37], waveform_acq_gen[10].WFM_ACQ/i_xdom_wvb_config_bundle[37], waveform_acq_gen[18].WFM_ACQ/i_xdom_wvb_config_bundle[37], waveform_acq_gen[1].WFM_ACQ/i_xdom_wvb_config_bundle[37], waveform_acq_gen[22].WFM_ACQ/i_xdom_wvb_config_bundle[37], waveform_acq_gen[11].WFM_ACQ/i_xdom_wvb_config_bundle[37], waveform_acq_gen[4].WFM_ACQ/i_xdom_wvb_config_bundle[37] (the first 15 of 126 listed).
Related violations: <none>


